Archive member included to satisfy reference by file (symbol)

D:/Proyectos/Quartus/Tarea1-SO/software/Tarea1-SO_bsp\libhal_bsp.a(alt_iic.o)
                              obj/default/main.o (alt_ic_isr_register)
D:/Proyectos/Quartus/Tarea1-SO/software/Tarea1-SO_bsp\libhal_bsp.a(alt_iic_isr_register.o)
                              D:/Proyectos/Quartus/Tarea1-SO/software/Tarea1-SO_bsp\libhal_bsp.a(alt_iic.o) (alt_iic_isr_register)
D:/Proyectos/Quartus/Tarea1-SO/software/Tarea1-SO_bsp\libhal_bsp.a(alt_irq_entry.o)
                              D:/Proyectos/Quartus/Tarea1-SO/software/Tarea1-SO_bsp\libhal_bsp.a(alt_iic_isr_register.o) (alt_irq_entry)
D:/Proyectos/Quartus/Tarea1-SO/software/Tarea1-SO_bsp\libhal_bsp.a(alt_irq_handler.o)
                              D:/Proyectos/Quartus/Tarea1-SO/software/Tarea1-SO_bsp\libhal_bsp.a(alt_iic_isr_register.o) (alt_irq_handler)
D:/Proyectos/Quartus/Tarea1-SO/software/Tarea1-SO_bsp\libhal_bsp.a(alt_irq_vars.o)
                              D:/Proyectos/Quartus/Tarea1-SO/software/Tarea1-SO_bsp\libhal_bsp.a(alt_iic.o) (alt_irq_active)
D:/Proyectos/Quartus/Tarea1-SO/software/Tarea1-SO_bsp\libhal_bsp.a(alt_load.o)
                              D:/Proyectos/Quartus/Tarea1-SO/software/Tarea1-SO_bsp/obj/HAL/src/crt0.o (alt_load)
D:/Proyectos/Quartus/Tarea1-SO/software/Tarea1-SO_bsp\libhal_bsp.a(alt_main.o)
                              D:/Proyectos/Quartus/Tarea1-SO/software/Tarea1-SO_bsp/obj/HAL/src/crt0.o (alt_main)
D:/Proyectos/Quartus/Tarea1-SO/software/Tarea1-SO_bsp\libhal_bsp.a(alt_sys_init.o)
                              D:/Proyectos/Quartus/Tarea1-SO/software/Tarea1-SO_bsp\libhal_bsp.a(alt_main.o) (alt_irq_init)
D:/Proyectos/Quartus/Tarea1-SO/software/Tarea1-SO_bsp\libhal_bsp.a(alt_dcache_flush_all.o)
                              D:/Proyectos/Quartus/Tarea1-SO/software/Tarea1-SO_bsp\libhal_bsp.a(alt_load.o) (alt_dcache_flush_all)
D:/Proyectos/Quartus/Tarea1-SO/software/Tarea1-SO_bsp\libhal_bsp.a(alt_exception_entry.o)
                              D:/Proyectos/Quartus/Tarea1-SO/software/Tarea1-SO_bsp\libhal_bsp.a(alt_irq_entry.o) (alt_exception)
D:/Proyectos/Quartus/Tarea1-SO/software/Tarea1-SO_bsp\libhal_bsp.a(alt_icache_flush_all.o)
                              D:/Proyectos/Quartus/Tarea1-SO/software/Tarea1-SO_bsp\libhal_bsp.a(alt_load.o) (alt_icache_flush_all)
D:/Proyectos/Quartus/Tarea1-SO/software/Tarea1-SO_bsp\libhal_bsp.a(alt_instruction_exception_entry.o)
                              D:/Proyectos/Quartus/Tarea1-SO/software/Tarea1-SO_bsp\libhal_bsp.a(alt_exception_entry.o) (alt_instruction_exception_entry)
D:/Proyectos/Quartus/Tarea1-SO/software/Tarea1-SO_bsp\libhal_bsp.a(altera_nios2_gen2_irq.o)
                              D:/Proyectos/Quartus/Tarea1-SO/software/Tarea1-SO_bsp\libhal_bsp.a(alt_sys_init.o) (altera_nios2_gen2_irq_init)

Allocating common symbols
Common symbol       size              file

alt_irq             0x100             D:/Proyectos/Quartus/Tarea1-SO/software/Tarea1-SO_bsp\libhal_bsp.a(alt_irq_handler.o)

Memory Configuration

Name             Origin             Length             Attributes
RAM_0            0x0000000000000000 0x0000000000004000
reset            0x0000000000004000 0x0000000000000020
ROM_0            0x0000000000004020 0x0000000000000fe0
*default*        0x0000000000000000 0xffffffffffffffff

Linker script and memory map

LOAD D:/Proyectos/Quartus/Tarea1-SO/software/Tarea1-SO_bsp/obj/HAL/src/crt0.o
LOAD obj/default/main.o
LOAD d:/programas/intelfpga_lite/20.1/nios2eds/bin/gnu/h-x86_64-mingw32/bin/../lib/gcc/nios2-elf/9.2.1/../../../../../H-x86_64-mingw32/nios2-elf/lib/mno-hw-mul\libstdc++.a
LOAD d:/programas/intelfpga_lite/20.1/nios2eds/bin/gnu/h-x86_64-mingw32/bin/../lib/gcc/nios2-elf/9.2.1/../../../../../H-x86_64-mingw32/nios2-elf/lib/mno-hw-mul\libm.a
LOAD d:/programas/intelfpga_lite/20.1/nios2eds/bin/gnu/h-x86_64-mingw32/bin/../lib/gcc/nios2-elf/9.2.1/mno-hw-mul\libgcc.a
START GROUP
LOAD d:/programas/intelfpga_lite/20.1/nios2eds/bin/gnu/h-x86_64-mingw32/bin/../lib/gcc/nios2-elf/9.2.1/../../../../../H-x86_64-mingw32/nios2-elf/lib/mno-hw-mul\libsmallc.a
LOAD d:/programas/intelfpga_lite/20.1/nios2eds/bin/gnu/h-x86_64-mingw32/bin/../lib/gcc/nios2-elf/9.2.1/mno-hw-mul\libgcc.a
LOAD D:/Proyectos/Quartus/Tarea1-SO/software/Tarea1-SO_bsp\libhal_bsp.a
LOAD d:/programas/intelfpga_lite/20.1/nios2eds/bin/gnu/h-x86_64-mingw32/bin/../lib/gcc/nios2-elf/9.2.1/../../../../../H-x86_64-mingw32/nios2-elf/lib/mno-hw-mul\libm.a
END GROUP
LOAD d:/programas/intelfpga_lite/20.1/nios2eds/bin/gnu/h-x86_64-mingw32/bin/../lib/gcc/nios2-elf/9.2.1/mno-hw-mul\libgcc.a
                0x0000000000000000                __alt_mem_RAM_0 = 0x0
                0x0000000000004000                __alt_mem_ROM_0 = 0x4000

.entry          0x0000000000004000       0x20
 *(.entry)
 .entry         0x0000000000004000       0x20 D:/Proyectos/Quartus/Tarea1-SO/software/Tarea1-SO_bsp/obj/HAL/src/crt0.o
                0x0000000000004000                __reset
                0x000000000000400c                _exit

.exceptions     0x0000000000004020      0x160
                0x0000000000004020                PROVIDE (__ram_exceptions_start = ABSOLUTE (.))
                0x0000000000004020                . = ALIGN (0x20)
 *(.irq)
 *(.exceptions.entry.label)
 .exceptions.entry.label
                0x0000000000004020        0x0 D:/Proyectos/Quartus/Tarea1-SO/software/Tarea1-SO_bsp\libhal_bsp.a(alt_irq_entry.o)
                0x0000000000004020                alt_irq_entry
 .exceptions.entry.label
                0x0000000000004020        0x0 D:/Proyectos/Quartus/Tarea1-SO/software/Tarea1-SO_bsp\libhal_bsp.a(alt_exception_entry.o)
                0x0000000000004020                alt_exception
 *(.exceptions.entry.user)
 *(.exceptions.entry.ecc_fatal)
 *(.exceptions.entry)
 .exceptions.entry
                0x0000000000004020       0x54 D:/Proyectos/Quartus/Tarea1-SO/software/Tarea1-SO_bsp\libhal_bsp.a(alt_exception_entry.o)
 *(.exceptions.irqtest.user)
 *(.exceptions.irqtest)
 .exceptions.irqtest
                0x0000000000004074       0x10 D:/Proyectos/Quartus/Tarea1-SO/software/Tarea1-SO_bsp\libhal_bsp.a(alt_irq_entry.o)
 *(.exceptions.irqhandler.user)
 *(.exceptions.irqhandler)
 .exceptions.irqhandler
                0x0000000000004084        0x4 D:/Proyectos/Quartus/Tarea1-SO/software/Tarea1-SO_bsp\libhal_bsp.a(alt_irq_entry.o)
 *(.exceptions.irqreturn.user)
 *(.exceptions.irqreturn)
 .exceptions.irqreturn
                0x0000000000004088        0x4 D:/Proyectos/Quartus/Tarea1-SO/software/Tarea1-SO_bsp\libhal_bsp.a(alt_irq_entry.o)
 *(.exceptions.notirq.label)
 .exceptions.notirq.label
                0x000000000000408c        0x0 D:/Proyectos/Quartus/Tarea1-SO/software/Tarea1-SO_bsp\libhal_bsp.a(alt_irq_entry.o)
 *(.exceptions.notirq.user)
 *(.exceptions.notirq)
 .exceptions.notirq
                0x000000000000408c        0x8 D:/Proyectos/Quartus/Tarea1-SO/software/Tarea1-SO_bsp\libhal_bsp.a(alt_exception_entry.o)
 *(.exceptions.soft.user)
 *(.exceptions.soft)
 *(.exceptions.unknown.user)
 *(.exceptions.unknown)
 .exceptions.unknown
                0x0000000000004094       0x14 D:/Proyectos/Quartus/Tarea1-SO/software/Tarea1-SO_bsp\libhal_bsp.a(alt_exception_entry.o)
 *(.exceptions.exit.label)
 .exceptions.exit.label
                0x00000000000040a8        0x0 D:/Proyectos/Quartus/Tarea1-SO/software/Tarea1-SO_bsp\libhal_bsp.a(alt_irq_entry.o)
 .exceptions.exit.label
                0x00000000000040a8        0x0 D:/Proyectos/Quartus/Tarea1-SO/software/Tarea1-SO_bsp\libhal_bsp.a(alt_exception_entry.o)
 *(.exceptions.exit.user)
 *(.exceptions.exit)
 .exceptions.exit
                0x00000000000040a8       0x54 D:/Proyectos/Quartus/Tarea1-SO/software/Tarea1-SO_bsp\libhal_bsp.a(alt_exception_entry.o)
 *(.exceptions)
 .exceptions    0x00000000000040fc       0x60 D:/Proyectos/Quartus/Tarea1-SO/software/Tarea1-SO_bsp\libhal_bsp.a(alt_irq_handler.o)
                0x00000000000040fc                alt_irq_handler
 .exceptions    0x000000000000415c       0x24 D:/Proyectos/Quartus/Tarea1-SO/software/Tarea1-SO_bsp\libhal_bsp.a(alt_instruction_exception_entry.o)
                0x000000000000415c                alt_instruction_exception_entry
                0x0000000000004180                PROVIDE (__ram_exceptions_end = ABSOLUTE (.))
                0x0000000000004020                PROVIDE (__flash_exceptions_start = LOADADDR (.exceptions))

.text           0x0000000000004180      0x590
                [!provide]                        PROVIDE (stext = ABSOLUTE (.))
 *(.interp)
 *(.hash)
 *(.dynsym)
 *(.dynstr)
 *(.gnu.version)
 *(.gnu.version_d)
 *(.gnu.version_r)
 *(.rel.init)
 *(.rela.init)
 *(.rel.text .rel.text.* .rel.gnu.linkonce.t.*)
 *(.rela.text .rela.text.* .rela.gnu.linkonce.t.*)
 *(.rel.fini)
 *(.rela.fini)
 *(.rel.rodata .rel.rodata.* .rel.gnu.linkonce.r.*)
 *(.rela.rodata .rela.rodata.* .rela.gnu.linkonce.r.*)
 *(.rel.data .rel.data.* .rel.gnu.linkonce.d.*)
 *(.rela.data .rela.data.* .rela.gnu.linkonce.d.*)
 *(.rel.tdata .rel.tdata.* .rel.gnu.linkonce.td.*)
 *(.rela.tdata .rela.tdata.* .rela.gnu.linkonce.td.*)
 *(.rel.tbss .rel.tbss.* .rel.gnu.linkonce.tb.*)
 *(.rela.tbss .rela.tbss.* .rela.gnu.linkonce.tb.*)
 *(.rel.ctors)
 *(.rela.ctors)
 *(.rel.dtors)
 *(.rela.dtors)
 *(.rel.got)
 *(.rela.got)
 *(.rel.sdata .rel.sdata.* .rel.gnu.linkonce.s.*)
 *(.rela.sdata .rela.sdata.* .rela.gnu.linkonce.s.*)
 *(.rel.sbss .rel.sbss.* .rel.gnu.linkonce.sb.*)
 *(.rela.sbss .rela.sbss.* .rela.gnu.linkonce.sb.*)
 *(.rel.sdata2 .rel.sdata2.* .rel.gnu.linkonce.s2.*)
 *(.rela.sdata2 .rela.sdata2.* .rela.gnu.linkonce.s2.*)
 *(.rel.sbss2 .rel.sbss2.* .rel.gnu.linkonce.sb2.*)
 *(.rela.sbss2 .rela.sbss2.* .rela.gnu.linkonce.sb2.*)
 *(.rel.bss .rel.bss.* .rel.gnu.linkonce.b.*)
 *(.rela.bss .rela.bss.* .rela.gnu.linkonce.b.*)
 *(.rel.plt)
 *(.rela.plt)
 *(.rel.dyn)
 *(.init)
 *(.plt)
 *(.text .stub .text.* .gnu.linkonce.t.*)
 .text          0x0000000000004180       0x3c D:/Proyectos/Quartus/Tarea1-SO/software/Tarea1-SO_bsp/obj/HAL/src/crt0.o
                0x0000000000004180                _start
 .text          0x00000000000041bc      0x284 obj/default/main.o
 .text.startup  0x0000000000004440       0x58 obj/default/main.o
                0x0000000000004440                main
 .text          0x0000000000004498       0x8c D:/Proyectos/Quartus/Tarea1-SO/software/Tarea1-SO_bsp\libhal_bsp.a(alt_iic.o)
                0x0000000000004498                alt_ic_isr_register
                0x000000000000449c                alt_ic_irq_enable
                0x00000000000044d4                alt_ic_irq_disable
                0x000000000000450c                alt_ic_irq_enabled
 .text          0x0000000000004524       0x68 D:/Proyectos/Quartus/Tarea1-SO/software/Tarea1-SO_bsp\libhal_bsp.a(alt_iic_isr_register.o)
                0x0000000000004524                alt_iic_isr_register
 .text          0x000000000000458c        0x0 D:/Proyectos/Quartus/Tarea1-SO/software/Tarea1-SO_bsp\libhal_bsp.a(alt_irq_entry.o)
 .text          0x000000000000458c        0x0 D:/Proyectos/Quartus/Tarea1-SO/software/Tarea1-SO_bsp\libhal_bsp.a(alt_irq_handler.o)
 .text          0x000000000000458c        0x0 D:/Proyectos/Quartus/Tarea1-SO/software/Tarea1-SO_bsp\libhal_bsp.a(alt_irq_vars.o)
 .text          0x000000000000458c       0xb4 D:/Proyectos/Quartus/Tarea1-SO/software/Tarea1-SO_bsp\libhal_bsp.a(alt_load.o)
                0x000000000000458c                alt_load
 .text          0x0000000000004640       0x2c D:/Proyectos/Quartus/Tarea1-SO/software/Tarea1-SO_bsp\libhal_bsp.a(alt_main.o)
                0x0000000000004640                alt_main
 .text          0x000000000000466c       0x24 D:/Proyectos/Quartus/Tarea1-SO/software/Tarea1-SO_bsp\libhal_bsp.a(alt_sys_init.o)
                0x000000000000466c                alt_irq_init
                0x000000000000468c                alt_sys_init
 .text          0x0000000000004690        0x4 D:/Proyectos/Quartus/Tarea1-SO/software/Tarea1-SO_bsp\libhal_bsp.a(alt_dcache_flush_all.o)
                0x0000000000004690                alt_dcache_flush_all
 .text          0x0000000000004694        0x0 D:/Proyectos/Quartus/Tarea1-SO/software/Tarea1-SO_bsp\libhal_bsp.a(alt_exception_entry.o)
 .text          0x0000000000004694        0x4 D:/Proyectos/Quartus/Tarea1-SO/software/Tarea1-SO_bsp\libhal_bsp.a(alt_icache_flush_all.o)
                0x0000000000004694                alt_icache_flush_all
 .text          0x0000000000004698       0x70 D:/Proyectos/Quartus/Tarea1-SO/software/Tarea1-SO_bsp\libhal_bsp.a(alt_instruction_exception_entry.o)
                0x0000000000004698                alt_exception_cause_generated_bad_addr
 .text          0x0000000000004708        0x8 D:/Proyectos/Quartus/Tarea1-SO/software/Tarea1-SO_bsp\libhal_bsp.a(altera_nios2_gen2_irq.o)
                0x0000000000004708                altera_nios2_gen2_irq_init
 *(.gnu.warning.*)
 *(.fini)
                [!provide]                        PROVIDE (__etext = ABSOLUTE (.))
                [!provide]                        PROVIDE (_etext = ABSOLUTE (.))
                [!provide]                        PROVIDE (etext = ABSOLUTE (.))
 *(.eh_frame_hdr)
                0x0000000000004710                . = ALIGN (0x4)
                [!provide]                        PROVIDE (__preinit_array_start = ABSOLUTE (.))
 *(.preinit_array)
                [!provide]                        PROVIDE (__preinit_array_end = ABSOLUTE (.))
                [!provide]                        PROVIDE (__init_array_start = ABSOLUTE (.))
 *(.init_array)
                [!provide]                        PROVIDE (__init_array_end = ABSOLUTE (.))
                [!provide]                        PROVIDE (__fini_array_start = ABSOLUTE (.))
 *(.fini_array)
                [!provide]                        PROVIDE (__fini_array_end = ABSOLUTE (.))
 *(.eh_frame)
 *(.gcc_except_table .gcc_except_table.*)
 *(.dynamic)
                [!provide]                        PROVIDE (__CTOR_LIST__ = ABSOLUTE (.))
 *(.ctors)
 *(SORT_BY_NAME(.ctors.*))
                [!provide]                        PROVIDE (__CTOR_END__ = ABSOLUTE (.))
                [!provide]                        PROVIDE (__DTOR_LIST__ = ABSOLUTE (.))
 *(.dtors)
 *(SORT_BY_NAME(.dtors.*))
                [!provide]                        PROVIDE (__DTOR_END__ = ABSOLUTE (.))
 *(.jcr)
                0x0000000000004710                . = ALIGN (0x4)

.rodata         0x0000000000000000        0x0 load address 0x0000000000004710
                0x0000000000000000                PROVIDE (__ram_rodata_start = ABSOLUTE (.))
                0x0000000000000000                . = ALIGN (0x4)
 *(.rodata .rodata.* .gnu.linkonce.r.*)
 *(.rodata1)
                0x0000000000000000                . = ALIGN (0x4)
                0x0000000000000000                PROVIDE (__ram_rodata_end = ABSOLUTE (.))
                0x0000000000004710                PROVIDE (__flash_rodata_start = LOADADDR (.rodata))

.rwdata         0x0000000000000000        0x4 load address 0x0000000000004710
                0x0000000000000000                PROVIDE (__ram_rwdata_start = ABSOLUTE (.))
                0x0000000000000000                . = ALIGN (0x4)
 *(.got.plt)
 *(.got)
 *(.data1)
 *(.data .data.* .gnu.linkonce.d.*)
 .data          0x0000000000000000        0x0 D:/Proyectos/Quartus/Tarea1-SO/software/Tarea1-SO_bsp/obj/HAL/src/crt0.o
 .data          0x0000000000000000        0x0 obj/default/main.o
 .data          0x0000000000000000        0x0 D:/Proyectos/Quartus/Tarea1-SO/software/Tarea1-SO_bsp\libhal_bsp.a(alt_iic.o)
 .data          0x0000000000000000        0x0 D:/Proyectos/Quartus/Tarea1-SO/software/Tarea1-SO_bsp\libhal_bsp.a(alt_iic_isr_register.o)
 .data          0x0000000000000000        0x0 D:/Proyectos/Quartus/Tarea1-SO/software/Tarea1-SO_bsp\libhal_bsp.a(alt_irq_entry.o)
 .data          0x0000000000000000        0x0 D:/Proyectos/Quartus/Tarea1-SO/software/Tarea1-SO_bsp\libhal_bsp.a(alt_irq_handler.o)
 .data          0x0000000000000000        0x0 D:/Proyectos/Quartus/Tarea1-SO/software/Tarea1-SO_bsp\libhal_bsp.a(alt_irq_vars.o)
 .data          0x0000000000000000        0x0 D:/Proyectos/Quartus/Tarea1-SO/software/Tarea1-SO_bsp\libhal_bsp.a(alt_load.o)
 .data          0x0000000000000000        0x0 D:/Proyectos/Quartus/Tarea1-SO/software/Tarea1-SO_bsp\libhal_bsp.a(alt_main.o)
 .data          0x0000000000000000        0x0 D:/Proyectos/Quartus/Tarea1-SO/software/Tarea1-SO_bsp\libhal_bsp.a(alt_sys_init.o)
 .data          0x0000000000000000        0x0 D:/Proyectos/Quartus/Tarea1-SO/software/Tarea1-SO_bsp\libhal_bsp.a(alt_dcache_flush_all.o)
 .data          0x0000000000000000        0x0 D:/Proyectos/Quartus/Tarea1-SO/software/Tarea1-SO_bsp\libhal_bsp.a(alt_exception_entry.o)
 .data          0x0000000000000000        0x0 D:/Proyectos/Quartus/Tarea1-SO/software/Tarea1-SO_bsp\libhal_bsp.a(alt_icache_flush_all.o)
 .data          0x0000000000000000        0x0 D:/Proyectos/Quartus/Tarea1-SO/software/Tarea1-SO_bsp\libhal_bsp.a(alt_instruction_exception_entry.o)
 .data          0x0000000000000000        0x0 D:/Proyectos/Quartus/Tarea1-SO/software/Tarea1-SO_bsp\libhal_bsp.a(altera_nios2_gen2_irq.o)
                0x0000000000008000                _gp = ABSOLUTE ((. + 0x8000))
                [!provide]                        PROVIDE (gp = _gp)
 *(.rwdata .rwdata.*)
 *(.sdata .sdata.* .gnu.linkonce.s.*)
 .sdata         0x0000000000000000        0x4 D:/Proyectos/Quartus/Tarea1-SO/software/Tarea1-SO_bsp\libhal_bsp.a(alt_irq_vars.o)
                0x0000000000000000                alt_priority_mask
 *(.sdata2 .sdata2.* .gnu.linkonce.s2.*)
                0x0000000000000004                . = ALIGN (0x4)
                0x0000000000000004                _edata = ABSOLUTE (.)
                [!provide]                        PROVIDE (edata = ABSOLUTE (.))
                0x0000000000000004                PROVIDE (__ram_rwdata_end = ABSOLUTE (.))
                0x0000000000004710                PROVIDE (__flash_rwdata_start = LOADADDR (.rwdata))

.bss            0x0000000000000004      0x144 load address 0x0000000000004714
                0x0000000000000004                __bss_start = ABSOLUTE (.)
                [!provide]                        PROVIDE (__sbss_start = ABSOLUTE (.))
                [!provide]                        PROVIDE (___sbss_start = ABSOLUTE (.))
 *(.dynsbss)
 *(.sbss .sbss.* .gnu.linkonce.sb.*)
 .sbss          0x0000000000000004       0x30 obj/default/main.o
 .sbss          0x0000000000000034        0x4 D:/Proyectos/Quartus/Tarea1-SO/software/Tarea1-SO_bsp\libhal_bsp.a(alt_irq_vars.o)
                0x0000000000000034                alt_irq_active
 .sbss          0x0000000000000038        0xc D:/Proyectos/Quartus/Tarea1-SO/software/Tarea1-SO_bsp\libhal_bsp.a(alt_main.o)
                0x0000000000000038                alt_envp
                0x000000000000003c                alt_argv
                0x0000000000000040                alt_argc
 .sbss          0x0000000000000044        0x4 D:/Proyectos/Quartus/Tarea1-SO/software/Tarea1-SO_bsp\libhal_bsp.a(alt_instruction_exception_entry.o)
                0x0000000000000044                alt_instruction_exception_handler
 *(.sbss2 .sbss2.* .gnu.linkonce.sb2.*)
 *(.scommon)
                [!provide]                        PROVIDE (__sbss_end = ABSOLUTE (.))
                [!provide]                        PROVIDE (___sbss_end = ABSOLUTE (.))
 *(.dynbss)
 *(.bss .bss.* .gnu.linkonce.b.*)
 .bss           0x0000000000000048        0x0 D:/Proyectos/Quartus/Tarea1-SO/software/Tarea1-SO_bsp/obj/HAL/src/crt0.o
 .bss           0x0000000000000048        0x0 obj/default/main.o
 .bss           0x0000000000000048        0x0 D:/Proyectos/Quartus/Tarea1-SO/software/Tarea1-SO_bsp\libhal_bsp.a(alt_iic.o)
 .bss           0x0000000000000048        0x0 D:/Proyectos/Quartus/Tarea1-SO/software/Tarea1-SO_bsp\libhal_bsp.a(alt_iic_isr_register.o)
 .bss           0x0000000000000048        0x0 D:/Proyectos/Quartus/Tarea1-SO/software/Tarea1-SO_bsp\libhal_bsp.a(alt_irq_entry.o)
 .bss           0x0000000000000048        0x0 D:/Proyectos/Quartus/Tarea1-SO/software/Tarea1-SO_bsp\libhal_bsp.a(alt_irq_handler.o)
 .bss           0x0000000000000048        0x0 D:/Proyectos/Quartus/Tarea1-SO/software/Tarea1-SO_bsp\libhal_bsp.a(alt_irq_vars.o)
 .bss           0x0000000000000048        0x0 D:/Proyectos/Quartus/Tarea1-SO/software/Tarea1-SO_bsp\libhal_bsp.a(alt_load.o)
 .bss           0x0000000000000048        0x0 D:/Proyectos/Quartus/Tarea1-SO/software/Tarea1-SO_bsp\libhal_bsp.a(alt_main.o)
 .bss           0x0000000000000048        0x0 D:/Proyectos/Quartus/Tarea1-SO/software/Tarea1-SO_bsp\libhal_bsp.a(alt_sys_init.o)
 .bss           0x0000000000000048        0x0 D:/Proyectos/Quartus/Tarea1-SO/software/Tarea1-SO_bsp\libhal_bsp.a(alt_dcache_flush_all.o)
 .bss           0x0000000000000048        0x0 D:/Proyectos/Quartus/Tarea1-SO/software/Tarea1-SO_bsp\libhal_bsp.a(alt_exception_entry.o)
 .bss           0x0000000000000048        0x0 D:/Proyectos/Quartus/Tarea1-SO/software/Tarea1-SO_bsp\libhal_bsp.a(alt_icache_flush_all.o)
 .bss           0x0000000000000048        0x0 D:/Proyectos/Quartus/Tarea1-SO/software/Tarea1-SO_bsp\libhal_bsp.a(alt_instruction_exception_entry.o)
 .bss           0x0000000000000048        0x0 D:/Proyectos/Quartus/Tarea1-SO/software/Tarea1-SO_bsp\libhal_bsp.a(altera_nios2_gen2_irq.o)
 *(COMMON)
 COMMON         0x0000000000000048      0x100 D:/Proyectos/Quartus/Tarea1-SO/software/Tarea1-SO_bsp\libhal_bsp.a(alt_irq_handler.o)
                0x0000000000000048                alt_irq
                0x0000000000000148                . = ALIGN (0x4)
                0x0000000000000148                __bss_end = ABSOLUTE (.)

.RAM_0          0x0000000000000148        0x0 load address 0x0000000000004714
                [!provide]                        PROVIDE (_alt_partition_RAM_0_start = ABSOLUTE (.))
 *(.RAM_0 .RAM_0. RAM_0.*)
                0x0000000000000148                . = ALIGN (0x4)
                [!provide]                        PROVIDE (_alt_partition_RAM_0_end = ABSOLUTE (.))
                0x0000000000000148                _end = ABSOLUTE (.)
                0x0000000000000148                end = ABSOLUTE (.)
                0x0000000000000148                __alt_stack_base = ABSOLUTE (.)
                [!provide]                        PROVIDE (_alt_partition_RAM_0_load_addr = LOADADDR (.RAM_0))

.ROM_0          0x0000000000004714        0x0
                [!provide]                        PROVIDE (_alt_partition_ROM_0_start = ABSOLUTE (.))
 *(.ROM_0 .ROM_0. ROM_0.*)
                0x0000000000004714                . = ALIGN (0x4)
                [!provide]                        PROVIDE (_alt_partition_ROM_0_end = ABSOLUTE (.))
                [!provide]                        PROVIDE (_alt_partition_ROM_0_load_addr = LOADADDR (.ROM_0))

.stab
 *(.stab)

.stabstr
 *(.stabstr)

.stab.excl
 *(.stab.excl)

.stab.exclstr
 *(.stab.exclstr)

.stab.index
 *(.stab.index)

.stab.indexstr
 *(.stab.indexstr)

.comment        0x0000000000000000       0x2c
 *(.comment)
 .comment       0x0000000000000000       0x2c obj/default/main.o
                                         0x2d (size before relaxing)
 .comment       0x000000000000002c       0x2d D:/Proyectos/Quartus/Tarea1-SO/software/Tarea1-SO_bsp\libhal_bsp.a(alt_iic.o)
 .comment       0x000000000000002c       0x2d D:/Proyectos/Quartus/Tarea1-SO/software/Tarea1-SO_bsp\libhal_bsp.a(alt_iic_isr_register.o)
 .comment       0x000000000000002c       0x2d D:/Proyectos/Quartus/Tarea1-SO/software/Tarea1-SO_bsp\libhal_bsp.a(alt_irq_handler.o)
 .comment       0x000000000000002c       0x2d D:/Proyectos/Quartus/Tarea1-SO/software/Tarea1-SO_bsp\libhal_bsp.a(alt_irq_vars.o)
 .comment       0x000000000000002c       0x2d D:/Proyectos/Quartus/Tarea1-SO/software/Tarea1-SO_bsp\libhal_bsp.a(alt_load.o)
 .comment       0x000000000000002c       0x2d D:/Proyectos/Quartus/Tarea1-SO/software/Tarea1-SO_bsp\libhal_bsp.a(alt_main.o)
 .comment       0x000000000000002c       0x2d D:/Proyectos/Quartus/Tarea1-SO/software/Tarea1-SO_bsp\libhal_bsp.a(alt_sys_init.o)
 .comment       0x000000000000002c       0x2d D:/Proyectos/Quartus/Tarea1-SO/software/Tarea1-SO_bsp\libhal_bsp.a(alt_dcache_flush_all.o)
 .comment       0x000000000000002c       0x2d D:/Proyectos/Quartus/Tarea1-SO/software/Tarea1-SO_bsp\libhal_bsp.a(alt_icache_flush_all.o)
 .comment       0x000000000000002c       0x2d D:/Proyectos/Quartus/Tarea1-SO/software/Tarea1-SO_bsp\libhal_bsp.a(alt_instruction_exception_entry.o)
 .comment       0x000000000000002c       0x2d D:/Proyectos/Quartus/Tarea1-SO/software/Tarea1-SO_bsp\libhal_bsp.a(altera_nios2_gen2_irq.o)

.debug
 *(.debug)

.line
 *(.line)

.debug_srcinfo
 *(.debug_srcinfo)

.debug_sfnames
 *(.debug_sfnames)

.debug_aranges  0x0000000000000000      0x218
 *(.debug_aranges)
 .debug_aranges
                0x0000000000000000       0x28 D:/Proyectos/Quartus/Tarea1-SO/software/Tarea1-SO_bsp/obj/HAL/src/crt0.o
 .debug_aranges
                0x0000000000000028       0x28 obj/default/main.o
 .debug_aranges
                0x0000000000000050       0x20 D:/Proyectos/Quartus/Tarea1-SO/software/Tarea1-SO_bsp\libhal_bsp.a(alt_iic.o)
 .debug_aranges
                0x0000000000000070       0x20 D:/Proyectos/Quartus/Tarea1-SO/software/Tarea1-SO_bsp\libhal_bsp.a(alt_iic_isr_register.o)
 .debug_aranges
                0x0000000000000090       0x30 D:/Proyectos/Quartus/Tarea1-SO/software/Tarea1-SO_bsp\libhal_bsp.a(alt_irq_entry.o)
 .debug_aranges
                0x00000000000000c0       0x20 D:/Proyectos/Quartus/Tarea1-SO/software/Tarea1-SO_bsp\libhal_bsp.a(alt_irq_handler.o)
 .debug_aranges
                0x00000000000000e0       0x18 D:/Proyectos/Quartus/Tarea1-SO/software/Tarea1-SO_bsp\libhal_bsp.a(alt_irq_vars.o)
 .debug_aranges
                0x00000000000000f8       0x20 D:/Proyectos/Quartus/Tarea1-SO/software/Tarea1-SO_bsp\libhal_bsp.a(alt_load.o)
 .debug_aranges
                0x0000000000000118       0x20 D:/Proyectos/Quartus/Tarea1-SO/software/Tarea1-SO_bsp\libhal_bsp.a(alt_main.o)
 .debug_aranges
                0x0000000000000138       0x20 D:/Proyectos/Quartus/Tarea1-SO/software/Tarea1-SO_bsp\libhal_bsp.a(alt_sys_init.o)
 .debug_aranges
                0x0000000000000158       0x20 D:/Proyectos/Quartus/Tarea1-SO/software/Tarea1-SO_bsp\libhal_bsp.a(alt_dcache_flush_all.o)
 .debug_aranges
                0x0000000000000178       0x38 D:/Proyectos/Quartus/Tarea1-SO/software/Tarea1-SO_bsp\libhal_bsp.a(alt_exception_entry.o)
 .debug_aranges
                0x00000000000001b0       0x20 D:/Proyectos/Quartus/Tarea1-SO/software/Tarea1-SO_bsp\libhal_bsp.a(alt_icache_flush_all.o)
 .debug_aranges
                0x00000000000001d0       0x28 D:/Proyectos/Quartus/Tarea1-SO/software/Tarea1-SO_bsp\libhal_bsp.a(alt_instruction_exception_entry.o)
 .debug_aranges
                0x00000000000001f8       0x20 D:/Proyectos/Quartus/Tarea1-SO/software/Tarea1-SO_bsp\libhal_bsp.a(altera_nios2_gen2_irq.o)

.debug_pubnames
 *(.debug_pubnames)

.debug_info     0x0000000000000000     0x7005
 *(.debug_info .gnu.linkonce.wi.*)
 .debug_info    0x0000000000000000       0x22 D:/Proyectos/Quartus/Tarea1-SO/software/Tarea1-SO_bsp/obj/HAL/src/crt0.o
 .debug_info    0x0000000000000022      0xb84 obj/default/main.o
 .debug_info    0x0000000000000ba6      0xca2 D:/Proyectos/Quartus/Tarea1-SO/software/Tarea1-SO_bsp\libhal_bsp.a(alt_iic.o)
 .debug_info    0x0000000000001848      0xb3a D:/Proyectos/Quartus/Tarea1-SO/software/Tarea1-SO_bsp\libhal_bsp.a(alt_iic_isr_register.o)
 .debug_info    0x0000000000002382       0x22 D:/Proyectos/Quartus/Tarea1-SO/software/Tarea1-SO_bsp\libhal_bsp.a(alt_irq_entry.o)
 .debug_info    0x00000000000023a4      0xa61 D:/Proyectos/Quartus/Tarea1-SO/software/Tarea1-SO_bsp\libhal_bsp.a(alt_irq_handler.o)
 .debug_info    0x0000000000002e05       0x8b D:/Proyectos/Quartus/Tarea1-SO/software/Tarea1-SO_bsp\libhal_bsp.a(alt_irq_vars.o)
 .debug_info    0x0000000000002e90      0xaed D:/Proyectos/Quartus/Tarea1-SO/software/Tarea1-SO_bsp\libhal_bsp.a(alt_load.o)
 .debug_info    0x000000000000397d      0xeb0 D:/Proyectos/Quartus/Tarea1-SO/software/Tarea1-SO_bsp\libhal_bsp.a(alt_main.o)
 .debug_info    0x000000000000482d      0x9ea D:/Proyectos/Quartus/Tarea1-SO/software/Tarea1-SO_bsp\libhal_bsp.a(alt_sys_init.o)
 .debug_info    0x0000000000005217      0x934 D:/Proyectos/Quartus/Tarea1-SO/software/Tarea1-SO_bsp\libhal_bsp.a(alt_dcache_flush_all.o)
 .debug_info    0x0000000000005b4b       0x22 D:/Proyectos/Quartus/Tarea1-SO/software/Tarea1-SO_bsp\libhal_bsp.a(alt_exception_entry.o)
 .debug_info    0x0000000000005b6d      0x934 D:/Proyectos/Quartus/Tarea1-SO/software/Tarea1-SO_bsp\libhal_bsp.a(alt_icache_flush_all.o)
 .debug_info    0x00000000000064a1      0x20f D:/Proyectos/Quartus/Tarea1-SO/software/Tarea1-SO_bsp\libhal_bsp.a(alt_instruction_exception_entry.o)
 .debug_info    0x00000000000066b0      0x955 D:/Proyectos/Quartus/Tarea1-SO/software/Tarea1-SO_bsp\libhal_bsp.a(altera_nios2_gen2_irq.o)

.debug_abbrev   0x0000000000000000     0x19dc
 *(.debug_abbrev)
 .debug_abbrev  0x0000000000000000       0x12 D:/Proyectos/Quartus/Tarea1-SO/software/Tarea1-SO_bsp/obj/HAL/src/crt0.o
 .debug_abbrev  0x0000000000000012      0x2da obj/default/main.o
 .debug_abbrev  0x00000000000002ec      0x31f D:/Proyectos/Quartus/Tarea1-SO/software/Tarea1-SO_bsp\libhal_bsp.a(alt_iic.o)
 .debug_abbrev  0x000000000000060b      0x303 D:/Proyectos/Quartus/Tarea1-SO/software/Tarea1-SO_bsp\libhal_bsp.a(alt_iic_isr_register.o)
 .debug_abbrev  0x000000000000090e       0x12 D:/Proyectos/Quartus/Tarea1-SO/software/Tarea1-SO_bsp\libhal_bsp.a(alt_irq_entry.o)
 .debug_abbrev  0x0000000000000920      0x283 D:/Proyectos/Quartus/Tarea1-SO/software/Tarea1-SO_bsp\libhal_bsp.a(alt_irq_handler.o)
 .debug_abbrev  0x0000000000000ba3       0x44 D:/Proyectos/Quartus/Tarea1-SO/software/Tarea1-SO_bsp\libhal_bsp.a(alt_irq_vars.o)
 .debug_abbrev  0x0000000000000be7      0x277 D:/Proyectos/Quartus/Tarea1-SO/software/Tarea1-SO_bsp\libhal_bsp.a(alt_load.o)
 .debug_abbrev  0x0000000000000e5e      0x252 D:/Proyectos/Quartus/Tarea1-SO/software/Tarea1-SO_bsp\libhal_bsp.a(alt_main.o)
 .debug_abbrev  0x00000000000010b0      0x25f D:/Proyectos/Quartus/Tarea1-SO/software/Tarea1-SO_bsp\libhal_bsp.a(alt_sys_init.o)
 .debug_abbrev  0x000000000000130f      0x1e0 D:/Proyectos/Quartus/Tarea1-SO/software/Tarea1-SO_bsp\libhal_bsp.a(alt_dcache_flush_all.o)
 .debug_abbrev  0x00000000000014ef       0x12 D:/Proyectos/Quartus/Tarea1-SO/software/Tarea1-SO_bsp\libhal_bsp.a(alt_exception_entry.o)
 .debug_abbrev  0x0000000000001501      0x1e0 D:/Proyectos/Quartus/Tarea1-SO/software/Tarea1-SO_bsp\libhal_bsp.a(alt_icache_flush_all.o)
 .debug_abbrev  0x00000000000016e1      0x116 D:/Proyectos/Quartus/Tarea1-SO/software/Tarea1-SO_bsp\libhal_bsp.a(alt_instruction_exception_entry.o)
 .debug_abbrev  0x00000000000017f7      0x1e5 D:/Proyectos/Quartus/Tarea1-SO/software/Tarea1-SO_bsp\libhal_bsp.a(altera_nios2_gen2_irq.o)

.debug_line     0x0000000000000000     0x19eb
 *(.debug_line)
 .debug_line    0x0000000000000000       0x66 D:/Proyectos/Quartus/Tarea1-SO/software/Tarea1-SO_bsp/obj/HAL/src/crt0.o
 .debug_line    0x0000000000000066      0x430 obj/default/main.o
 .debug_line    0x0000000000000496      0x28f D:/Proyectos/Quartus/Tarea1-SO/software/Tarea1-SO_bsp\libhal_bsp.a(alt_iic.o)
 .debug_line    0x0000000000000725      0x249 D:/Proyectos/Quartus/Tarea1-SO/software/Tarea1-SO_bsp\libhal_bsp.a(alt_iic_isr_register.o)
 .debug_line    0x000000000000096e       0x6b D:/Proyectos/Quartus/Tarea1-SO/software/Tarea1-SO_bsp\libhal_bsp.a(alt_irq_entry.o)
 .debug_line    0x00000000000009d9      0x217 D:/Proyectos/Quartus/Tarea1-SO/software/Tarea1-SO_bsp\libhal_bsp.a(alt_irq_handler.o)
 .debug_line    0x0000000000000bf0       0x50 D:/Proyectos/Quartus/Tarea1-SO/software/Tarea1-SO_bsp\libhal_bsp.a(alt_irq_vars.o)
 .debug_line    0x0000000000000c40      0x279 D:/Proyectos/Quartus/Tarea1-SO/software/Tarea1-SO_bsp\libhal_bsp.a(alt_load.o)
 .debug_line    0x0000000000000eb9      0x331 D:/Proyectos/Quartus/Tarea1-SO/software/Tarea1-SO_bsp\libhal_bsp.a(alt_main.o)
 .debug_line    0x00000000000011ea      0x1da D:/Proyectos/Quartus/Tarea1-SO/software/Tarea1-SO_bsp\libhal_bsp.a(alt_sys_init.o)
 .debug_line    0x00000000000013c4      0x19d D:/Proyectos/Quartus/Tarea1-SO/software/Tarea1-SO_bsp\libhal_bsp.a(alt_dcache_flush_all.o)
 .debug_line    0x0000000000001561       0xb3 D:/Proyectos/Quartus/Tarea1-SO/software/Tarea1-SO_bsp\libhal_bsp.a(alt_exception_entry.o)
 .debug_line    0x0000000000001614      0x19b D:/Proyectos/Quartus/Tarea1-SO/software/Tarea1-SO_bsp\libhal_bsp.a(alt_icache_flush_all.o)
 .debug_line    0x00000000000017af       0xee D:/Proyectos/Quartus/Tarea1-SO/software/Tarea1-SO_bsp\libhal_bsp.a(alt_instruction_exception_entry.o)
 .debug_line    0x000000000000189d      0x14e D:/Proyectos/Quartus/Tarea1-SO/software/Tarea1-SO_bsp\libhal_bsp.a(altera_nios2_gen2_irq.o)

.debug_frame    0x0000000000000000      0x254
 *(.debug_frame)
 .debug_frame   0x0000000000000000       0x70 obj/default/main.o
 .debug_frame   0x0000000000000070       0x50 D:/Proyectos/Quartus/Tarea1-SO/software/Tarea1-SO_bsp\libhal_bsp.a(alt_iic.o)
 .debug_frame   0x00000000000000c0       0x38 D:/Proyectos/Quartus/Tarea1-SO/software/Tarea1-SO_bsp\libhal_bsp.a(alt_iic_isr_register.o)
 .debug_frame   0x00000000000000f8       0x34 D:/Proyectos/Quartus/Tarea1-SO/software/Tarea1-SO_bsp\libhal_bsp.a(alt_irq_handler.o)
 .debug_frame   0x000000000000012c       0x30 D:/Proyectos/Quartus/Tarea1-SO/software/Tarea1-SO_bsp\libhal_bsp.a(alt_load.o)
 .debug_frame   0x000000000000015c       0x2c D:/Proyectos/Quartus/Tarea1-SO/software/Tarea1-SO_bsp\libhal_bsp.a(alt_main.o)
 .debug_frame   0x0000000000000188       0x3c D:/Proyectos/Quartus/Tarea1-SO/software/Tarea1-SO_bsp\libhal_bsp.a(alt_sys_init.o)
 .debug_frame   0x00000000000001c4       0x20 D:/Proyectos/Quartus/Tarea1-SO/software/Tarea1-SO_bsp\libhal_bsp.a(alt_dcache_flush_all.o)
 .debug_frame   0x00000000000001e4       0x20 D:/Proyectos/Quartus/Tarea1-SO/software/Tarea1-SO_bsp\libhal_bsp.a(alt_icache_flush_all.o)
 .debug_frame   0x0000000000000204       0x30 D:/Proyectos/Quartus/Tarea1-SO/software/Tarea1-SO_bsp\libhal_bsp.a(alt_instruction_exception_entry.o)
 .debug_frame   0x0000000000000234       0x20 D:/Proyectos/Quartus/Tarea1-SO/software/Tarea1-SO_bsp\libhal_bsp.a(altera_nios2_gen2_irq.o)

.debug_str      0x0000000000000000     0x1000
 *(.debug_str)
 .debug_str     0x0000000000000000       0x54 D:/Proyectos/Quartus/Tarea1-SO/software/Tarea1-SO_bsp/obj/HAL/src/crt0.o
 .debug_str     0x0000000000000054      0x518 obj/default/main.o
                                        0x5c3 (size before relaxing)
 .debug_str     0x000000000000056c       0xf2 D:/Proyectos/Quartus/Tarea1-SO/software/Tarea1-SO_bsp\libhal_bsp.a(alt_iic.o)
                                        0x633 (size before relaxing)
 .debug_str     0x000000000000065e       0x37 D:/Proyectos/Quartus/Tarea1-SO/software/Tarea1-SO_bsp\libhal_bsp.a(alt_iic_isr_register.o)
                                        0x5ff (size before relaxing)
 .debug_str     0x0000000000000695       0x18 D:/Proyectos/Quartus/Tarea1-SO/software/Tarea1-SO_bsp\libhal_bsp.a(alt_irq_entry.o)
                                         0x5d (size before relaxing)
 .debug_str     0x00000000000006ad       0x3a D:/Proyectos/Quartus/Tarea1-SO/software/Tarea1-SO_bsp\libhal_bsp.a(alt_irq_handler.o)
                                        0x589 (size before relaxing)
 .debug_str     0x00000000000006e7       0x29 D:/Proyectos/Quartus/Tarea1-SO/software/Tarea1-SO_bsp\libhal_bsp.a(alt_irq_vars.o)
                                        0x13f (size before relaxing)
 .debug_str     0x0000000000000710      0x11d D:/Proyectos/Quartus/Tarea1-SO/software/Tarea1-SO_bsp\libhal_bsp.a(alt_load.o)
                                        0x621 (size before relaxing)
 .debug_str     0x000000000000082d      0x23d D:/Proyectos/Quartus/Tarea1-SO/software/Tarea1-SO_bsp\libhal_bsp.a(alt_main.o)
                                        0x7d3 (size before relaxing)
 .debug_str     0x0000000000000a6a       0x8f D:/Proyectos/Quartus/Tarea1-SO/software/Tarea1-SO_bsp\libhal_bsp.a(alt_sys_init.o)
                                        0x5c9 (size before relaxing)
 .debug_str     0x0000000000000af9       0x1f D:/Proyectos/Quartus/Tarea1-SO/software/Tarea1-SO_bsp\libhal_bsp.a(alt_dcache_flush_all.o)
                                        0x53a (size before relaxing)
 .debug_str     0x0000000000000b18       0x1e D:/Proyectos/Quartus/Tarea1-SO/software/Tarea1-SO_bsp\libhal_bsp.a(alt_exception_entry.o)
                                         0x63 (size before relaxing)
 .debug_str     0x0000000000000b36       0x1f D:/Proyectos/Quartus/Tarea1-SO/software/Tarea1-SO_bsp\libhal_bsp.a(alt_icache_flush_all.o)
                                        0x53a (size before relaxing)
 .debug_str     0x0000000000000b55      0x48b D:/Proyectos/Quartus/Tarea1-SO/software/Tarea1-SO_bsp\libhal_bsp.a(alt_instruction_exception_entry.o)
                                        0x5a5 (size before relaxing)
 .debug_str     0x0000000000000fe0       0x20 D:/Proyectos/Quartus/Tarea1-SO/software/Tarea1-SO_bsp\libhal_bsp.a(altera_nios2_gen2_irq.o)
                                        0x54e (size before relaxing)

.debug_loc      0x0000000000000000      0x625
 *(.debug_loc)
 .debug_loc     0x0000000000000000       0x3a obj/default/main.o
 .debug_loc     0x000000000000003a      0x205 D:/Proyectos/Quartus/Tarea1-SO/software/Tarea1-SO_bsp\libhal_bsp.a(alt_iic.o)
 .debug_loc     0x000000000000023f      0x23c D:/Proyectos/Quartus/Tarea1-SO/software/Tarea1-SO_bsp\libhal_bsp.a(alt_iic_isr_register.o)
 .debug_loc     0x000000000000047b       0xac D:/Proyectos/Quartus/Tarea1-SO/software/Tarea1-SO_bsp\libhal_bsp.a(alt_irq_handler.o)
 .debug_loc     0x0000000000000527       0x66 D:/Proyectos/Quartus/Tarea1-SO/software/Tarea1-SO_bsp\libhal_bsp.a(alt_load.o)
 .debug_loc     0x000000000000058d       0x25 D:/Proyectos/Quartus/Tarea1-SO/software/Tarea1-SO_bsp\libhal_bsp.a(alt_sys_init.o)
 .debug_loc     0x00000000000005b2       0x73 D:/Proyectos/Quartus/Tarea1-SO/software/Tarea1-SO_bsp\libhal_bsp.a(alt_instruction_exception_entry.o)

.debug_macinfo
 *(.debug_macinfo)

.debug_weaknames
 *(.debug_weaknames)

.debug_funcnames
 *(.debug_funcnames)

.debug_typenames
 *(.debug_typenames)

.debug_varnames
 *(.debug_varnames)

.debug_alt_sim_info
                0x0000000000000000       0x10
 *(.debug_alt_sim_info)
 .debug_alt_sim_info
                0x0000000000000000       0x10 D:/Proyectos/Quartus/Tarea1-SO/software/Tarea1-SO_bsp/obj/HAL/src/crt0.o
                0x0000000000004000                __alt_data_end = 0x4000
                0x0000000000004000                PROVIDE (__alt_stack_pointer = __alt_data_end)
                [!provide]                        PROVIDE (__alt_stack_limit = __alt_stack_base)
                [!provide]                        PROVIDE (__alt_heap_start = end)
                [!provide]                        PROVIDE (__alt_heap_limit = 0x4000)
OUTPUT(Tarea1-SO.elf elf32-littlenios2)

.debug_ranges   0x0000000000000000      0x188
 .debug_ranges  0x0000000000000000       0x20 D:/Proyectos/Quartus/Tarea1-SO/software/Tarea1-SO_bsp/obj/HAL/src/crt0.o
 .debug_ranges  0x0000000000000020       0x18 obj/default/main.o
 .debug_ranges  0x0000000000000038       0x18 D:/Proyectos/Quartus/Tarea1-SO/software/Tarea1-SO_bsp\libhal_bsp.a(alt_iic_isr_register.o)
 .debug_ranges  0x0000000000000050       0x28 D:/Proyectos/Quartus/Tarea1-SO/software/Tarea1-SO_bsp\libhal_bsp.a(alt_irq_entry.o)
 .debug_ranges  0x0000000000000078       0x28 D:/Proyectos/Quartus/Tarea1-SO/software/Tarea1-SO_bsp\libhal_bsp.a(alt_irq_handler.o)
 .debug_ranges  0x00000000000000a0       0xa0 D:/Proyectos/Quartus/Tarea1-SO/software/Tarea1-SO_bsp\libhal_bsp.a(alt_load.o)
 .debug_ranges  0x0000000000000140       0x30 D:/Proyectos/Quartus/Tarea1-SO/software/Tarea1-SO_bsp\libhal_bsp.a(alt_exception_entry.o)
 .debug_ranges  0x0000000000000170       0x18 D:/Proyectos/Quartus/Tarea1-SO/software/Tarea1-SO_bsp\libhal_bsp.a(alt_instruction_exception_entry.o)
